1: user get USER-1 --short
No such user.
2: user signup alice secret alice@example.com
User created: USER-1
3: user get USER-1 --short
USER-1 alice
