1: entity create one One S.A. 100200300 BE0100200300
Legal entity created: LENT-1
2: entity update one One S.A. is the main legal entity of the prototype. Unless required for fiscal or legal reasons, new contracts are hosted in One.
Legal entity updated: one
3: entity link-user one USER-1 --validator
Legal entity updated: one
