1: business create alpha Alpha
Business entity created: BENT-1
