1: reset
Resetting to the empty state.
2: user invite alice@example.com
User created: USER-1
3: queues
Email addresses to verify:
USER-1 /
Emails to send:
EMAIL-1 alice@example.com
