1: reset
State is now empty.
2: time
01/Jan/1970:01:00:00 +0100
3: time --step
01/Jan/1970:01:00:01 +0100
4: time --step --minute
01/Jan/1970:01:01:00 +0100
5: time
01/Jan/1970:01:01:00 +0100
