1: reset
State is now empty.
3: user signup about secret alice@example.com --accept-tos
UsernameBlocked
