1: reset
State is now empty.
3: user signup alice secret alice@example.com
NoTosConsent
